---
source: tests/integration_tests.rs
expression: formatted
---
=== Neurons ===

neuron MultiHeadSelfAttention(d_model, num_heads):
  inputs:
    default: [*batch, seq, d_model]
  outputs:
    default: [*batch, seq, d_model]
  impl:
    Source: primitives,attention/MultiHeadSelfAttention

neuron SimpleAttentionBlock(d_model, num_heads):
  inputs:
    default: [batch, seq, d_model]
  outputs:
    default: [batch, seq, d_model]
  graph:
    in -> MultiHeadSelfAttention#0(d_model, num_heads)
    MultiHeadSelfAttention#0(d_model, num_heads) -> out
