---
source: tests/integration_tests.rs
expression: formatted
---
=== Neurons ===

neuron LlamaBlock(dim, num_heads, intermediate_size):
  inputs:
    default: [batch, seq, dim]
  outputs:
    default: [batch, seq, dim]
  graph:
    in -> (skip1, norm1)
    norm1 -> RMSNorm#9(dim)
    RMSNorm#9(dim) -> LlamaRotaryAttention#10(dim, num_heads)
    LlamaRotaryAttention#10(dim, num_heads) -> attn_out
    (skip1, attn_out) -> Add#11()
    Add#11() -> residual1
    residual1 -> (skip2, norm2)
    norm2 -> RMSNorm#12(dim)
    RMSNorm#12(dim) -> SwiGLU#13(dim, intermediate_size)
    SwiGLU#13(dim, intermediate_size) -> ffn_out
    (skip2, ffn_out) -> Add#14()
    Add#14() -> out

neuron LlamaRotaryAttention(dim, num_heads):
  inputs:
    default: [batch, seq, dim]
  outputs:
    default: [batch, seq, dim]
  graph:
    in -> Linear#0(dim, dim)
    Linear#0(dim, dim) -> q_proj
    in -> Linear#1(dim, dim)
    Linear#1(dim, dim) -> k_proj
    in -> Linear#2(dim, dim)
    Linear#2(dim, dim) -> v_proj
    (q_proj, k_proj) -> RotaryEmbedding#3(dim=64)
    RotaryEmbedding#3(dim=64) -> (q_rot, k_rot)
    in -> out

neuron MiniLlama(vocab_size, dim, num_heads, layers):
  inputs:
    default: [batch, seq]
  outputs:
    default: [batch, seq, vocab_size]
  graph:
    in -> Embedding#15(vocab_size, dim)
    Embedding#15(vocab_size, dim) -> LlamaBlock#16(dim, num_heads, (dim * 4))
    LlamaBlock#16(dim, num_heads, (dim * 4)) -> RMSNorm#17(dim)
    RMSNorm#17(dim) -> Linear#18(dim, vocab_size)
    Linear#18(dim, vocab_size) -> out

neuron SwiGLU(dim, hidden_dim):
  inputs:
    default: [batch, seq, dim]
  outputs:
    default: [batch, seq, dim]
  graph:
    in -> (gate_path, val_path)
    gate_path -> Linear#4(dim, hidden_dim)
    Linear#4(dim, hidden_dim) -> SiLU#5()
    SiLU#5() -> gate
    val_path -> Linear#6(dim, hidden_dim)
    Linear#6(dim, hidden_dim) -> val
    (gate, val) -> Multiply#7()
    Multiply#7() -> hidden
    hidden -> Linear#8(hidden_dim, dim)
    Linear#8(hidden_dim, dim) -> out
