---
source: tests/integration_tests.rs
expression: formatted
---
=== Neurons ===

neuron SimpleTransformerBlock(dim):
  inputs:
    default: [*batch, seq, dim]
  outputs:
    default: [*batch, seq, dim]
  graph:
    in -> LayerNorm#0(dim)
    LayerNorm#0(dim) -> Linear#1(dim, dim)
    Linear#1(dim, dim) -> Dropout#2(0.1)
    Dropout#2(0.1) -> out

neuron TransformerBlock(dim, num_heads, d_ff):
  inputs:
    default: [*batch, seq, dim]
  outputs:
    default: [*batch, seq, dim]
  graph:
    in -> (skip1, attn_path)
    attn_path -> LayerNorm#3(dim)
    LayerNorm#3(dim) -> MultiHeadSelfAttention#4(dim, num_heads)
    MultiHeadSelfAttention#4(dim, num_heads) -> Dropout#5(0.1)
    Dropout#5(0.1) -> attn_out
    (skip1, attn_out) -> Add#6()
    Add#6() -> attn_residual
    attn_residual -> (skip2, ffn_path)
    ffn_path -> LayerNorm#7(dim)
    LayerNorm#7(dim) -> FFN#8(dim, d_ff)
    FFN#8(dim, d_ff) -> Dropout#9(0.1)
    Dropout#9(0.1) -> ffn_out
    (skip2, ffn_out) -> Add#10()
    Add#10() -> out
