---
source: tests/integration_tests.rs
expression: code
---
import torch
import torch.nn as nn
from neuroscript_runtime.primitives.activations import ReLU
from neuroscript_runtime.primitives.convolutions import Conv2d
from neuroscript_runtime.primitives.linear import Linear
from neuroscript_runtime.primitives.normalization import BatchNorm
from neuroscript_runtime.primitives.pooling import GlobalAvgPool
from neuroscript_runtime.primitives.pooling import MaxPool
from neuroscript_runtime.primitives.structural import Flatten
from neuroscript_runtime.primitives.structural import Identity

class ConvBlock(nn.Module):
    def __init__(self, in_channels, out_channels, has_pool=True):
        super().__init__()
        self.in_channels = in_channels
        self.out_channels = out_channels
        self.has_pool = has_pool
        self.conv = Conv2d(in_channels, out_channels, 3, padding=1)
        self.bn = BatchNorm(out_channels)
        self.act = ReLU()
        self._pool = None  # Lazy instantiation (@lazy)
        self.identity_0 = Identity()

    def forward(self, x):
        conv = self.conv(x)
        # Conv2d() output shape: [batch, out_channels, *, *]
        bn = self.bn(conv)
        # BatchNorm() output shape: [*shape, num_features]
        act = self.act(bn)
        # ReLU() output shape: [*shape]
        match_out = None
        if (self.has_pool == True):
            if self._pool is None:
                self._pool = MaxPool(2, stride=2)
            pool = self._pool(act)
            # MaxPool() output shape: [batch, channels, *, *]
            match_out = pool
        elif True:
            identity_0 = self.identity_0(act)
            match_out = identity_0
        return match_out

class CNN(nn.Module):
    def __init__(self, in_channels, num_classes):
        super().__init__()
        self.in_channels = in_channels
        self.num_classes = num_classes
        self.conv1 = ConvBlock(, in_channels=in_channels, out_channels=32)
        self.conv2 = ConvBlock(, in_channels=32, out_channels=64)
        self.conv3 = ConvBlock(, in_channels=64, out_channels=128, has_pool=False)
        self.gap = GlobalAvgPool()
        self.flat = Flatten(1)
        self.head = Linear(128, num_classes)

    def forward(self, x):
        conv1 = self.conv1(x)
        # ConvBlock() output shape: [batch, out_channels, height, width]
        conv2 = self.conv2(conv1)
        conv3 = self.conv3(conv2)
        gap = self.gap(conv3)
        # GlobalAvgPool() output shape: [batch, channels, 1, 1]
        flat = self.flat(gap)
        # Flatten() output shape: [*shape_out]
        head = self.head(flat)
        # Linear() output shape: [*batch, out_dim]
        return head
