---
source: tests/integration_tests.rs
expression: code
---
import torch
import torch.nn as nn
from neuroscript_runtime.primitives.activations import GELU
from neuroscript_runtime.primitives.linear import Linear
from neuroscript_runtime.primitives.structural import Add

class MLP(nn.Module):
    def __init__(self, dim):
        super().__init__()
        self.dim = dim
        self.gelu_1 = GELU()
        self.linear_0 = Linear(dim, dim * 4)
        self.linear_2 = Linear(dim * 4, dim)

    def forward(self, x):
        linear_0 = self.linear_0(x)
        # Linear() output shape: [*, out_dim]
        gelu_1 = self.gelu_1(linear_0)
        linear_2 = self.linear_2(gelu_1)
        return linear_2

class Residual(nn.Module):
    def __init__(self, dim):
        super().__init__()
        self.dim = dim
        self.add_1 = Add()
        self.mlp_0 = MLP(dim)

    def forward(self, x):
        main = x
        skip = x
        mlp_0 = self.mlp_0(main)
        # MLP() output shape: [*, dim]
        add_1 = self.add_1((mlp_0, skip))
        return add_1
