---
source: tests/integration_tests.rs
expression: formatted
---
=== Neurons ===

neuron TestComplexPipeline:
  inputs:
    default: [*, 768]
  outputs:
    default: [*, 768]
  graph:
    in -> PositionalEncoding#8(768)
    PositionalEncoding#8(768) -> TransformerStack2#9(768, 12, 3072)
    TransformerStack2#9(768, 12, 3072) -> FFN#10(768, 2048)
    FFN#10(768, 2048) -> out

neuron TestFFN:
  inputs:
    default: [*, 512]
  outputs:
    default: [*, 512]
  graph:
    in -> FFN#0(512, 2048)
    FFN#0(512, 2048) -> out

neuron TestFFNWithHidden:
  inputs:
    default: [*, 256]
  outputs:
    default: [*, 512]
  graph:
    in -> FFNWithHidden#1(256, 1024, 512)
    FFNWithHidden#1(256, 1024, 512) -> out

neuron TestIdentity:
  inputs:
    default: [*, 512]
  outputs:
    default: [*, 512]
  graph:
    in -> Identity#2()
    Identity#2() -> out

neuron TestMultiHeadAttention:
  inputs:
    default: [*, 512]
  outputs:
    default: [*, 512]
  graph:
    in -> MultiHeadSelfAttention#4(512, 8)
    MultiHeadSelfAttention#4(512, 8) -> out

neuron TestParallelFFN:
  inputs:
    default: [*, 512]
  outputs:
    default: [*, 512]
  graph:
    in -> ParallelFFN#3(512)
    ParallelFFN#3(512) -> out

neuron TestSequentialTransformer:
  inputs:
    default: [*, 512]
  outputs:
    default: [*, 512]
  graph:
    in -> SequentialTransformer#7(512, 8, 2048)
    SequentialTransformer#7(512, 8, 2048) -> out

neuron TestSimpleTransformerBlock:
  inputs:
    default: [*, 512]
  outputs:
    default: [*, 512]
  graph:
    in -> SimpleTransformerBlock#5(512)
    SimpleTransformerBlock#5(512) -> out

neuron TestTransformerStack2:
  inputs:
    default: [*, 512]
  outputs:
    default: [*, 512]
  graph:
    in -> TransformerStack2#6(512, 8, 2048)
    TransformerStack2#6(512, 8, 2048) -> out
