---
source: tests/integration_tests.rs
expression: code
---
import torch
import torch.nn as nn
from neuroscript_runtime.primitives.activations import ReLU
from neuroscript_runtime.primitives.convolutions import Conv2d
from neuroscript_runtime.primitives.linear import Linear
from neuroscript_runtime.primitives.normalization import BatchNorm
from neuroscript_runtime.primitives.pooling import GlobalAvgPool
from neuroscript_runtime.primitives.pooling import MaxPool
from neuroscript_runtime.primitives.structural import Flatten

class CNN(nn.Module):
    def __init__(self, in_channels, num_classes):
        super().__init__()
        self.in_channels = in_channels
        self.num_classes = num_classes
        self.conv1 = Conv2d(in_channels, 32, 3, padding=1)
        self.bn1 = BatchNorm(32)
        self.act1 = ReLU()
        self.pool1 = MaxPool(2, stride=2)
        self.conv2 = Conv2d(32, 64, 3, padding=1)
        self.bn2 = BatchNorm(64)
        self.act2 = ReLU()
        self.pool2 = MaxPool(2, stride=2)
        self.conv3 = Conv2d(64, 128, 3, padding=1)
        self.bn3 = BatchNorm(128)
        self.act3 = ReLU()
        self.gap = GlobalAvgPool()
        self.flat = Flatten(1)
        self.head = Linear(128, num_classes)

    def forward(self, x):
        conv1 = self.conv1(x)
        # Conv2d() output shape: [batch, out_channels, *, *]
        bn1 = self.bn1(conv1)
        # BatchNorm() output shape: [*shape, num_features]
        act1 = self.act1(bn1)
        # ReLU() output shape: [*shape]
        pool1 = self.pool1(act1)
        # MaxPool() output shape: [batch, channels, *, *]
        conv2 = self.conv2(pool1)
        # Conv2d() output shape: [batch, out_channels, *, *]
        bn2 = self.bn2(conv2)
        # BatchNorm() output shape: [*shape, num_features]
        act2 = self.act2(bn2)
        # ReLU() output shape: [*shape]
        pool2 = self.pool2(act2)
        # MaxPool() output shape: [batch, channels, *, *]
        conv3 = self.conv3(pool2)
        # Conv2d() output shape: [batch, out_channels, *, *]
        bn3 = self.bn3(conv3)
        # BatchNorm() output shape: [*shape, num_features]
        act3 = self.act3(bn3)
        # ReLU() output shape: [*shape]
        gap = self.gap(act3)
        # GlobalAvgPool() output shape: [batch, channels, 1, 1]
        flat = self.flat(gap)
        # Flatten() output shape: [*shape_out]
        head = self.head(flat)
        # Linear() output shape: [*batch, out_dim]
        return head
