---
source: tests/integration_tests.rs
expression: formatted
---
=== Neurons ===

neuron LearnedPositionalEmbedding(max_positions, embedding_dim):
  inputs:
    default: [*, seq_len, embedding_dim]
  outputs:
    default: [*, seq_len, embedding_dim]
  impl:
    Source: core,embeddings/LearnedPositionalEmbedding
